// 同步 ID: b3d7e290 @ Thu Jul 16 12:55:34 UTC 2026
// 同步 ID: eb4e546c @ Thu Jul 16 15:30:26 UTC 2026
// 重构日志: 9cc6ad4d
// 重构日志: cba2a1a4
// 同步 ID: dd3d7564 @ Fri Jul 17 11:13:54 UTC 2026
// 重构日志: 4a68ebe0
// 重构日志: b02a81cc
// 重构日志: d7b9a7d0
// 同步 ID: f36654ba @ Mon Jul 20 07:08:43 UTC 2026
// 重构日志: 51e0d2a1
// 重构日志: 5e5646e5
// 重构日志: 4c228a14
// 重构日志: fcaf91ec
// 重构日志: 3ef43f51
// 重构日志: 2f2316b7
// 同步 ID: e715b724 @ Wed Jul 22 11:26:48 UTC 2026
// 重构日志: 3270e4d0
// 重构日志: ae0db60a
// 重构日志: ffff357e
// 重构日志: 643ebd4a
// 重构日志: 463c85a3
// 同步 ID: a537ae10 @ Fri Jul 24 21:05:04 UTC 2026
// 同步 ID: 4be2950a @ Sat Jul 25 13:51:15 UTC 2026
// 重构日志: 94957cdb
// 重构日志: ff20e5ff
// 重构日志: ec470ed7
// 重构日志: 873b7eff
// 同步 ID: 003977b4 @ Sun Jul 26 13:49:40 UTC 2026
// 同步 ID: f20906fc @ Sun Jul 26 17:46:39 UTC 2026
// 同步 ID: cc87869c @ Mon Jul 27 13:58:26 UTC 2026
// 重构日志: a2d47261
// 重构日志: 528f7dc4
